Loaded LR params from results/lr_params.json: A_eta=1.1576, beta_eta=0.1529
Wrote configs/grid/manifest.csv  (400 rows)

run_name                          d    G   j      A  top_k  n_exp  d_exp      N_act            C         lr
----------------------------------------------------------------------------------------------------
d064_G01_A1_T4M                  64    1   1  12.5%      1      8    256  6.554e+05    1.245e+14 8.0982e-03
d064_G01_A2_T4M                  64    1   2  25.0%      2      8    256  1.147e+06    1.363e+14 7.9869e-03
d064_G01_A3_T4M                  64    1   3  37.5%      3      8    256  1.638e+06    1.481e+14 7.8862e-03
d064_G01_A4_T4M                  64    1   4  50.0%      4      8    256  2.130e+06    1.599e+14 7.7943e-03
d064_G01_A8_T4M                  64    1   8 100.0%      8      8    256  4.096e+06    2.071e+14 7.4922e-03
d064_G02_A1_T4M                  64    2   1  12.5%      2     16    128  6.554e+05    1.247e+14 8.0969e-03
d064_G02_A2_T4M                  64    2   2  25.0%      4     16    128  1.147e+06    1.365e+14 7.9858e-03
d064_G02_A3_T4M                  64    2   3  37.5%      6     16    128  1.638e+06    1.483e+14 7.8852e-03
d064_G02_A4_T4M                  64    2   4  50.0%      8     16    128  2.130e+06    1.601e+14 7.7934e-03
d064_G02_A8_T4M                  64    2   8 100.0%     16     16    128  4.096e+06    2.072e+14 7.4915e-03
d064_G04_A1_T4M                  64    4   1  12.5%      4     32     64  6.554e+05    1.249e+14 8.0945e-03
d064_G04_A2_T4M                  64    4   2  25.0%      8     32     64  1.147e+06    1.367e+14 7.9836e-03
d064_G04_A3_T4M                  64    4   3  37.5%     12     32     64  1.638e+06    1.485e+14 7.8832e-03
d064_G04_A4_T4M                  64    4   4  50.0%     16     32     64  2.130e+06    1.603e+14 7.7916e-03
d064_G04_A8_T4M                  64    4   8 100.0%     32     32     64  4.096e+06    2.075e+14 7.4902e-03
d064_G08_A1_T4M                  64    8   1  12.5%      8     64     32  6.554e+05    1.254e+14 8.0896e-03
d064_G08_A2_T4M                  64    8   2  25.0%     16     64     32  1.147e+06    1.372e+14 7.9792e-03
d064_G08_A3_T4M                  64    8   3  37.5%     24     64     32  1.638e+06    1.490e+14 7.8792e-03
d064_G08_A4_T4M                  64    8   4  50.0%     32     64     32  2.130e+06    1.608e+14 7.7879e-03
d064_G08_A8_T4M                  64    8   8 100.0%     64     64     32  4.096e+06    2.080e+14 7.4875e-03
d064_G16_A1_T4M                  64   16   1  12.5%     16    128     16  6.554e+05    1.264e+14 8.0800e-03
d064_G16_A2_T4M                  64   16   2  25.0%     32    128     16  1.147e+06    1.382e+14 7.9705e-03
d064_G16_A3_T4M                  64   16   3  37.5%     48    128     16  1.638e+06    1.500e+14 7.8713e-03
d064_G16_A4_T4M                  64   16   4  50.0%     64    128     16  2.130e+06    1.618e+14 7.7807e-03
d064_G16_A8_T4M                  64   16   8 100.0%    128    128     16  4.096e+06    2.090e+14 7.4821e-03
d064_G01_A1_T8M                  64    1   1  12.5%      1      8    256  6.554e+05    2.491e+14 7.2838e-03
d064_G01_A2_T8M                  64    1   2  25.0%      2      8    256  1.147e+06    2.727e+14 7.1837e-03
d064_G01_A3_T8M                  64    1   3  37.5%      3      8    256  1.638e+06    2.963e+14 7.0931e-03
d064_G01_A4_T8M                  64    1   4  50.0%      4      8    256  2.130e+06    3.199e+14 7.0105e-03
d064_G01_A8_T8M                  64    1   8 100.0%      8      8    256  4.096e+06    4.142e+14 6.7388e-03
d064_G02_A1_T8M                  64    2   1  12.5%      2     16    128  6.554e+05    2.493e+14 7.2827e-03
d064_G02_A2_T8M                  64    2   2  25.0%      4     16    128  1.147e+06    2.729e+14 7.1827e-03
d064_G02_A3_T8M                  64    2   3  37.5%      6     16    128  1.638e+06    2.965e+14 7.0922e-03
d064_G02_A4_T8M                  64    2   4  50.0%      8     16    128  2.130e+06    3.201e+14 7.0097e-03
d064_G02_A8_T8M                  64    2   8 100.0%     16     16    128  4.096e+06    4.145e+14 6.7382e-03
d064_G04_A1_T8M                  64    4   1  12.5%      4     32     64  6.554e+05    2.498e+14 7.2805e-03
d064_G04_A2_T8M                  64    4   2  25.0%      8     32     64  1.147e+06    2.734e+14 7.1808e-03
d064_G04_A3_T8M                  64    4   3  37.5%     12     32     64  1.638e+06    2.970e+14 7.0905e-03
d064_G04_A4_T8M                  64    4   4  50.0%     16     32     64  2.130e+06    3.206e+14 7.0081e-03
d064_G04_A8_T8M                  64    4   8 100.0%     32     32     64  4.096e+06    4.150e+14 6.7370e-03
d064_G08_A1_T8M                  64    8   1  12.5%      8     64     32  6.554e+05    2.508e+14 7.2762e-03
d064_G08_A2_T8M                  64    8   2  25.0%     16     64     32  1.147e+06    2.744e+14 7.1768e-03
d064_G08_A3_T8M                  64    8   3  37.5%     24     64     32  1.638e+06    2.980e+14 7.0869e-03
d064_G08_A4_T8M                  64    8   4  50.0%     32     64     32  2.130e+06    3.216e+14 7.0048e-03
d064_G08_A8_T8M                  64    8   8 100.0%     64     64     32  4.096e+06    4.159e+14 6.7345e-03
d064_G16_A1_T8M                  64   16   1  12.5%     16    128     16  6.554e+05    2.528e+14 7.2675e-03
d064_G16_A2_T8M                  64   16   2  25.0%     32    128     16  1.147e+06    2.764e+14 7.1690e-03
d064_G16_A3_T8M                  64   16   3  37.5%     48    128     16  1.638e+06    3.000e+14 7.0797e-03
d064_G16_A4_T8M                  64   16   4  50.0%     64    128     16  2.130e+06    3.235e+14 6.9983e-03
d064_G16_A8_T8M                  64   16   8 100.0%    128    128     16  4.096e+06    4.179e+14 6.7297e-03
d064_G01_A1_T16M                 64    1   1  12.5%      1      8    256  6.554e+05    4.982e+14 6.5514e-03
d064_G01_A2_T16M                 64    1   2  25.0%      2      8    256  1.147e+06    5.453e+14 6.4613e-03
d064_G01_A3_T16M                 64    1   3  37.5%      3      8    256  1.638e+06    5.925e+14 6.3799e-03
d064_G01_A4_T16M                 64    1   4  50.0%      4      8    256  2.130e+06    6.397e+14 6.3056e-03
d064_G01_A8_T16M                 64    1   8 100.0%      8      8    256  4.096e+06    8.285e+14 6.0612e-03
d064_G02_A1_T16M                 64    2   1  12.5%      2     16    128  6.554e+05    4.986e+14 6.5504e-03
d064_G02_A2_T16M                 64    2   2  25.0%      4     16    128  1.147e+06    5.458e+14 6.4604e-03
d064_G02_A3_T16M                 64    2   3  37.5%      6     16    128  1.638e+06    5.930e+14 6.3791e-03
d064_G02_A4_T16M                 64    2   4  50.0%      8     16    128  2.130e+06    6.402e+14 6.3048e-03
d064_G02_A8_T16M                 64    2   8 100.0%     16     16    128  4.096e+06    8.289e+14 6.0606e-03
d064_G04_A1_T16M                 64    4   1  12.5%      4     32     64  6.554e+05    4.996e+14 6.5484e-03
d064_G04_A2_T16M                 64    4   2  25.0%      8     32     64  1.147e+06    5.468e+14 6.4587e-03
d064_G04_A3_T16M                 64    4   3  37.5%     12     32     64  1.638e+06    5.940e+14 6.3774e-03
d064_G04_A4_T16M                 64    4   4  50.0%     16     32     64  2.130e+06    6.412e+14 6.3033e-03
d064_G04_A8_T16M                 64    4   8 100.0%     32     32     64  4.096e+06    8.299e+14 6.0595e-03
d064_G08_A1_T16M                 64    8   1  12.5%      8     64     32  6.554e+05    5.016e+14 6.5445e-03
d064_G08_A2_T16M                 64    8   2  25.0%     16     64     32  1.147e+06    5.488e+14 6.4551e-03
d064_G08_A3_T16M                 64    8   3  37.5%     24     64     32  1.638e+06    5.960e+14 6.3742e-03
d064_G08_A4_T16M                 64    8   4  50.0%     32     64     32  2.130e+06    6.432e+14 6.3004e-03
d064_G08_A8_T16M                 64    8   8 100.0%     64     64     32  4.096e+06    8.319e+14 6.0573e-03
d064_G16_A1_T16M                 64   16   1  12.5%     16    128     16  6.554e+05    5.055e+14 6.5367e-03
d064_G16_A2_T16M                 64   16   2  25.0%     32    128     16  1.147e+06    5.527e+14 6.4481e-03
d064_G16_A3_T16M                 64   16   3  37.5%     48    128     16  1.638e+06    5.999e+14 6.3678e-03
d064_G16_A4_T16M                 64   16   4  50.0%     64    128     16  2.130e+06    6.471e+14 6.2945e-03
d064_G16_A8_T16M                 64   16   8 100.0%    128    128     16  4.096e+06    8.358e+14 6.0529e-03
d064_G01_A1_T32M                 64    1   1  12.5%      1      8    256  6.554e+05    9.963e+14 5.8926e-03
d064_G01_A2_T32M                 64    1   2  25.0%      2      8    256  1.147e+06    1.091e+15 5.8116e-03
d064_G01_A3_T32M                 64    1   3  37.5%      3      8    256  1.638e+06    1.185e+15 5.7383e-03
d064_G01_A4_T32M                 64    1   4  50.0%      4      8    256  2.130e+06    1.279e+15 5.6715e-03
d064_G01_A8_T32M                 64    1   8 100.0%      8      8    256  4.096e+06    1.657e+15 5.4516e-03
d064_G02_A1_T32M                 64    2   1  12.5%      2     16    128  6.554e+05    9.973e+14 5.8917e-03
d064_G02_A2_T32M                 64    2   2  25.0%      4     16    128  1.147e+06    1.092e+15 5.8108e-03
d064_G02_A3_T32M                 64    2   3  37.5%      6     16    128  1.638e+06    1.186e+15 5.7376e-03
d064_G02_A4_T32M                 64    2   4  50.0%      8     16    128  2.130e+06    1.280e+15 5.6708e-03
d064_G02_A8_T32M                 64    2   8 100.0%     16     16    128  4.096e+06    1.658e+15 5.4512e-03
d064_G04_A1_T32M                 64    4   1  12.5%      4     32     64  6.554e+05    9.993e+14 5.8899e-03
d064_G04_A2_T32M                 64    4   2  25.0%      8     32     64  1.147e+06    1.094e+15 5.8092e-03
d064_G04_A3_T32M                 64    4   3  37.5%     12     32     64  1.638e+06    1.188e+15 5.7361e-03
d064_G04_A4_T32M                 64    4   4  50.0%     16     32     64  2.130e+06    1.282e+15 5.6695e-03
d064_G04_A8_T32M                 64    4   8 100.0%     32     32     64  4.096e+06    1.660e+15 5.4502e-03
d064_G08_A1_T32M                 64    8   1  12.5%      8     64     32  6.554e+05    1.003e+15 5.8864e-03
d064_G08_A2_T32M                 64    8   2  25.0%     16     64     32  1.147e+06    1.098e+15 5.8060e-03
d064_G08_A3_T32M                 64    8   3  37.5%     24     64     32  1.638e+06    1.192e+15 5.7332e-03
d064_G08_A4_T32M                 64    8   4  50.0%     32     64     32  2.130e+06    1.286e+15 5.6668e-03
d064_G08_A8_T32M                 64    8   8 100.0%     64     64     32  4.096e+06    1.664e+15 5.4482e-03
d064_G16_A1_T32M                 64   16   1  12.5%     16    128     16  6.554e+05    1.011e+15 5.8793e-03
d064_G16_A2_T32M                 64   16   2  25.0%     32    128     16  1.147e+06    1.105e+15 5.7997e-03
d064_G16_A3_T32M                 64   16   3  37.5%     48    128     16  1.638e+06    1.200e+15 5.7275e-03
d064_G16_A4_T32M                 64   16   4  50.0%     64    128     16  2.130e+06    1.294e+15 5.6615e-03
d064_G16_A8_T32M                 64   16   8 100.0%    128    128     16  4.096e+06    1.672e+15 5.4443e-03
d128_G01_A1_T4M                 128    1   1  12.5%      1      8    512  2.621e+06    2.805e+14 7.1526e-03
d128_G01_A2_T4M                 128    1   2  25.0%      2      8    512  4.588e+06    3.277e+14 6.9845e-03
d128_G01_A3_T4M                 128    1   3  37.5%      3      8    512  6.554e+06    3.749e+14 6.8424e-03
d128_G01_A4_T4M                 128    1   4  50.0%      4      8    512  8.520e+06    4.221e+14 6.7194e-03
d128_G01_A8_T4M                 128    1   8 100.0%      8      8    512  1.638e+07    6.108e+14 6.3502e-03
d128_G02_A1_T4M                 128    2   1  12.5%      2     16    256  2.621e+06    2.808e+14 7.1516e-03
d128_G02_A2_T4M                 128    2   2  25.0%      4     16    256  4.588e+06    3.280e+14 6.9837e-03
d128_G02_A3_T4M                 128    2   3  37.5%      6     16    256  6.554e+06    3.752e+14 6.8417e-03
d128_G02_A4_T4M                 128    2   4  50.0%      8     16    256  8.520e+06    4.223e+14 6.7189e-03
d128_G02_A8_T4M                 128    2   8 100.0%     16     16    256  1.638e+07    6.111e+14 6.3499e-03
d128_G04_A1_T4M                 128    4   1  12.5%      4     32    128  2.621e+06    2.813e+14 7.1497e-03
d128_G04_A2_T4M                 128    4   2  25.0%      8     32    128  4.588e+06    3.285e+14 6.9821e-03
d128_G04_A3_T4M                 128    4   3  37.5%     12     32    128  6.554e+06    3.756e+14 6.8403e-03
d128_G04_A4_T4M                 128    4   4  50.0%     16     32    128  8.520e+06    4.228e+14 6.7177e-03
d128_G04_A8_T4M                 128    4   8 100.0%     32     32    128  1.638e+07    6.116e+14 6.3491e-03
d128_G08_A1_T4M                 128    8   1  12.5%      8     64     64  2.621e+06    2.823e+14 7.1459e-03
d128_G08_A2_T4M                 128    8   2  25.0%     16     64     64  4.588e+06    3.294e+14 6.9790e-03
d128_G08_A3_T4M                 128    8   3  37.5%     24     64     64  6.554e+06    3.766e+14 6.8376e-03
d128_G08_A4_T4M                 128    8   4  50.0%     32     64     64  8.520e+06    4.238e+14 6.7153e-03
d128_G08_A8_T4M                 128    8   8 100.0%     64     64     64  1.638e+07    6.126e+14 6.3475e-03
d128_G16_A1_T4M                 128   16   1  12.5%     16    128     32  2.621e+06    2.842e+14 7.1383e-03
d128_G16_A2_T4M                 128   16   2  25.0%     32    128     32  4.588e+06    3.314e+14 6.9726e-03
d128_G16_A3_T4M                 128   16   3  37.5%     48    128     32  6.554e+06    3.786e+14 6.8321e-03
d128_G16_A4_T4M                 128   16   4  50.0%     64    128     32  8.520e+06    4.258e+14 6.7105e-03
d128_G16_A8_T4M                 128   16   8 100.0%    128    128     32  1.638e+07    6.145e+14 6.3444e-03
d128_G01_A1_T8M                 128    1   1  12.5%      1      8    512  2.621e+06    5.611e+14 6.4333e-03
d128_G01_A2_T8M                 128    1   2  25.0%      2      8    512  4.588e+06    6.554e+14 6.2822e-03
d128_G01_A3_T8M                 128    1   3  37.5%      3      8    512  6.554e+06    7.498e+14 6.1543e-03
d128_G01_A4_T8M                 128    1   4  50.0%      4      8    512  8.520e+06    8.442e+14 6.0437e-03
d128_G01_A8_T8M                 128    1   8 100.0%      8      8    512  1.638e+07    1.222e+15 5.7117e-03
d128_G02_A1_T8M                 128    2   1  12.5%      2     16    256  2.621e+06    5.616e+14 6.4324e-03
d128_G02_A2_T8M                 128    2   2  25.0%      4     16    256  4.588e+06    6.559e+14 6.2815e-03
d128_G02_A3_T8M                 128    2   3  37.5%      6     16    256  6.554e+06    7.503e+14 6.1537e-03
d128_G02_A4_T8M                 128    2   4  50.0%      8     16    256  8.520e+06    8.447e+14 6.0432e-03
d128_G02_A8_T8M                 128    2   8 100.0%     16     16    256  1.638e+07    1.222e+15 5.7113e-03
d128_G04_A1_T8M                 128    4   1  12.5%      4     32    128  2.621e+06    5.625e+14 6.4307e-03
d128_G04_A2_T8M                 128    4   2  25.0%      8     32    128  4.588e+06    6.569e+14 6.2800e-03
d128_G04_A3_T8M                 128    4   3  37.5%     12     32    128  6.554e+06    7.513e+14 6.1524e-03
d128_G04_A4_T8M                 128    4   4  50.0%     16     32    128  8.520e+06    8.457e+14 6.0421e-03
d128_G04_A8_T8M                 128    4   8 100.0%     32     32    128  1.638e+07    1.223e+15 5.7106e-03
d128_G08_A1_T8M                 128    8   1  12.5%      8     64     64  2.621e+06    5.645e+14 6.4273e-03
d128_G08_A2_T8M                 128    8   2  25.0%     16     64     64  4.588e+06    6.589e+14 6.2772e-03
d128_G08_A3_T8M                 128    8   3  37.5%     24     64     64  6.554e+06    7.533e+14 6.1500e-03
d128_G08_A4_T8M                 128    8   4  50.0%     32     64     64  8.520e+06    8.476e+14 6.0400e-03
d128_G08_A8_T8M                 128    8   8 100.0%     64     64     64  1.638e+07    1.225e+15 5.7092e-03
d128_G16_A1_T8M                 128   16   1  12.5%     16    128     32  2.621e+06    5.684e+14 6.4205e-03
d128_G16_A2_T8M                 128   16   2  25.0%     32    128     32  4.588e+06    6.628e+14 6.2714e-03
d128_G16_A3_T8M                 128   16   3  37.5%     48    128     32  6.554e+06    7.572e+14 6.1451e-03
d128_G16_A4_T8M                 128   16   4  50.0%     64    128     32  8.520e+06    8.516e+14 6.0357e-03
d128_G16_A8_T8M                 128   16   8 100.0%    128    128     32  1.638e+07    1.229e+15 5.7064e-03
d128_G01_A1_T16M                128    1   1  12.5%      1      8    512  2.621e+06    1.122e+15 5.7864e-03
d128_G01_A2_T16M                128    1   2  25.0%      2      8    512  4.588e+06    1.311e+15 5.6504e-03
d128_G01_A3_T16M                128    1   3  37.5%      3      8    512  6.554e+06    1.500e+15 5.5354e-03
d128_G01_A4_T16M                128    1   4  50.0%      4      8    512  8.520e+06    1.688e+15 5.4360e-03
d128_G01_A8_T16M                128    1   8 100.0%      8      8    512  1.638e+07    2.443e+15 5.1373e-03
d128_G02_A1_T16M                128    2   1  12.5%      2     16    256  2.621e+06    1.123e+15 5.7856e-03
d128_G02_A2_T16M                128    2   2  25.0%      4     16    256  4.588e+06    1.312e+15 5.6498e-03
d128_G02_A3_T16M                128    2   3  37.5%      6     16    256  6.554e+06    1.501e+15 5.5349e-03
d128_G02_A4_T16M                128    2   4  50.0%      8     16    256  8.520e+06    1.689e+15 5.4355e-03
d128_G02_A8_T16M                128    2   8 100.0%     16     16    256  1.638e+07    2.444e+15 5.1370e-03
d128_G04_A1_T16M                128    4   1  12.5%      4     32    128  2.621e+06    1.125e+15 5.7840e-03
d128_G04_A2_T16M                128    4   2  25.0%      8     32    128  4.588e+06    1.314e+15 5.6485e-03
d128_G04_A3_T16M                128    4   3  37.5%     12     32    128  6.554e+06    1.503e+15 5.5338e-03
d128_G04_A4_T16M                128    4   4  50.0%     16     32    128  8.520e+06    1.691e+15 5.4345e-03
d128_G04_A8_T16M                128    4   8 100.0%     32     32    128  1.638e+07    2.446e+15 5.1364e-03
d128_G08_A1_T16M                128    8   1  12.5%      8     64     64  2.621e+06    1.129e+15 5.7810e-03
d128_G08_A2_T16M                128    8   2  25.0%     16     64     64  4.588e+06    1.318e+15 5.6459e-03
d128_G08_A3_T16M                128    8   3  37.5%     24     64     64  6.554e+06    1.507e+15 5.5315e-03
d128_G08_A4_T16M                128    8   4  50.0%     32     64     64  8.520e+06    1.695e+15 5.4326e-03
d128_G08_A8_T16M                128    8   8 100.0%     64     64     64  1.638e+07    2.450e+15 5.1351e-03
d128_G16_A1_T16M                128   16   1  12.5%     16    128     32  2.621e+06    1.137e+15 5.7748e-03
d128_G16_A2_T16M                128   16   2  25.0%     32    128     32  4.588e+06    1.326e+15 5.6408e-03
d128_G16_A3_T16M                128   16   3  37.5%     48    128     32  6.554e+06    1.514e+15 5.5271e-03
d128_G16_A4_T16M                128   16   4  50.0%     64    128     32  8.520e+06    1.703e+15 5.4288e-03
d128_G16_A8_T16M                128   16   8 100.0%    128    128     32  1.638e+07    2.458e+15 5.1326e-03
d128_G01_A1_T32M                128    1   1  12.5%      1      8    512  2.621e+06    2.244e+15 5.2045e-03
d128_G01_A2_T32M                128    1   2  25.0%      2      8    512  4.588e+06    2.622e+15 5.0822e-03
d128_G01_A3_T32M                128    1   3  37.5%      3      8    512  6.554e+06    2.999e+15 4.9788e-03
d128_G01_A4_T32M                128    1   4  50.0%      4      8    512  8.520e+06    3.377e+15 4.8894e-03
d128_G01_A8_T32M                128    1   8 100.0%      8      8    512  1.638e+07    4.887e+15 4.6207e-03
d128_G02_A1_T32M                128    2   1  12.5%      2     16    256  2.621e+06    2.246e+15 5.2038e-03
d128_G02_A2_T32M                128    2   2  25.0%      4     16    256  4.588e+06    2.624e+15 5.0817e-03
d128_G02_A3_T32M                128    2   3  37.5%      6     16    256  6.554e+06    3.001e+15 4.9783e-03
d128_G02_A4_T32M                128    2   4  50.0%      8     16    256  8.520e+06    3.379e+15 4.8889e-03
d128_G02_A8_T32M                128    2   8 100.0%     16     16    256  1.638e+07    4.889e+15 4.6204e-03
d128_G04_A1_T32M                128    4   1  12.5%      4     32    128  2.621e+06    2.250e+15 5.2024e-03
d128_G04_A2_T32M                128    4   2  25.0%      8     32    128  4.588e+06    2.628e+15 5.0805e-03
d128_G04_A3_T32M                128    4   3  37.5%     12     32    128  6.554e+06    3.005e+15 4.9773e-03
d128_G04_A4_T32M                128    4   4  50.0%     16     32    128  8.520e+06    3.383e+15 4.8880e-03
d128_G04_A8_T32M                128    4   8 100.0%     32     32    128  1.638e+07    4.893e+15 4.6199e-03
d128_G08_A1_T32M                128    8   1  12.5%      8     64     64  2.621e+06    2.258e+15 5.1996e-03
d128_G08_A2_T32M                128    8   2  25.0%     16     64     64  4.588e+06    2.636e+15 5.0782e-03
d128_G08_A3_T32M                128    8   3  37.5%     24     64     64  6.554e+06    3.013e+15 4.9753e-03
d128_G08_A4_T32M                128    8   4  50.0%     32     64     64  8.520e+06    3.391e+15 4.8863e-03
d128_G08_A8_T32M                128    8   8 100.0%     64     64     64  1.638e+07    4.900e+15 4.6187e-03
d128_G16_A1_T32M                128   16   1  12.5%     16    128     32  2.621e+06    2.274e+15 5.1941e-03
d128_G16_A2_T32M                128   16   2  25.0%     32    128     32  4.588e+06    2.651e+15 5.0736e-03
d128_G16_A3_T32M                128   16   3  37.5%     48    128     32  6.554e+06    3.029e+15 4.9713e-03
d128_G16_A4_T32M                128   16   4  50.0%     64    128     32  8.520e+06    3.406e+15 4.8829e-03
d128_G16_A8_T32M                128   16   8 100.0%    128    128     32  1.638e+07    4.916e+15 4.6165e-03
d192_G01_A1_T4M                 192    1   1  12.5%      1      8    768  5.898e+06    4.680e+14 6.6142e-03
d192_G01_A2_T4M                 192    1   2  25.0%      2      8    768  1.032e+07    5.742e+14 6.4107e-03
d192_G01_A3_T4M                 192    1   3  37.5%      3      8    768  1.475e+07    6.803e+14 6.2465e-03
d192_G01_A4_T4M                 192    1   4  50.0%      4      8    768  1.917e+07    7.865e+14 6.1095e-03
d192_G01_A8_T4M                 192    1   8 100.0%      8      8    768  3.686e+07    1.211e+15 5.7192e-03
d192_G02_A1_T4M                 192    2   1  12.5%      2     16    384  5.898e+06    4.684e+14 6.6134e-03
d192_G02_A2_T4M                 192    2   2  25.0%      4     16    384  1.032e+07    5.745e+14 6.4100e-03
d192_G02_A3_T4M                 192    2   3  37.5%      6     16    384  1.475e+07    6.807e+14 6.2460e-03
d192_G02_A4_T4M                 192    2   4  50.0%      8     16    384  1.917e+07    7.869e+14 6.1091e-03
d192_G02_A8_T4M                 192    2   8 100.0%     16     16    384  3.686e+07    1.212e+15 5.7190e-03
d192_G04_A1_T4M                 192    4   1  12.5%      4     32    192  5.898e+06    4.691e+14 6.6118e-03
d192_G04_A2_T4M                 192    4   2  25.0%      8     32    192  1.032e+07    5.753e+14 6.4088e-03
d192_G04_A3_T4M                 192    4   3  37.5%     12     32    192  1.475e+07    6.814e+14 6.2449e-03
d192_G04_A4_T4M                 192    4   4  50.0%     16     32    192  1.917e+07    7.876e+14 6.1082e-03
d192_G04_A8_T4M                 192    4   8 100.0%     32     32    192  3.686e+07    1.212e+15 5.7184e-03
d192_G08_A1_T4M                 192    8   1  12.5%      8     64     96  5.898e+06    4.706e+14 6.6087e-03
d192_G08_A2_T4M                 192    8   2  25.0%     16     64     96  1.032e+07    5.767e+14 6.4063e-03
d192_G08_A3_T4M                 192    8   3  37.5%     24     64     96  1.475e+07    6.829e+14 6.2429e-03
d192_G08_A4_T4M                 192    8   4  50.0%     32     64     96  1.917e+07    7.891e+14 6.1065e-03
d192_G08_A8_T4M                 192    8   8 100.0%     64     64     96  3.686e+07    1.214e+15 5.7174e-03
d192_G16_A1_T4M                 192   16   1  12.5%     16    128     48  5.898e+06    4.735e+14 6.6024e-03
d192_G16_A2_T4M                 192   16   2  25.0%     32    128     48  1.032e+07    5.797e+14 6.4013e-03
d192_G16_A3_T4M                 192   16   3  37.5%     48    128     48  1.475e+07    6.859e+14 6.2388e-03
d192_G16_A4_T4M                 192   16   4  50.0%     64    128     48  1.917e+07    7.920e+14 6.1030e-03
d192_G16_A8_T4M                 192   16   8 100.0%    128    128     48  3.686e+07    1.217e+15 5.7152e-03
d192_G01_A1_T8M                 192    1   1  12.5%      1      8    768  5.898e+06    9.360e+14 5.9491e-03
d192_G01_A2_T8M                 192    1   2  25.0%      2      8    768  1.032e+07    1.148e+15 5.7660e-03
d192_G01_A3_T8M                 192    1   3  37.5%      3      8    768  1.475e+07    1.361e+15 5.6183e-03
d192_G01_A4_T8M                 192    1   4  50.0%      4      8    768  1.917e+07    1.573e+15 5.4951e-03
d192_G01_A8_T8M                 192    1   8 100.0%      8      8    768  3.686e+07    2.422e+15 5.1441e-03
d192_G02_A1_T8M                 192    2   1  12.5%      2     16    384  5.898e+06    9.367e+14 5.9484e-03
d192_G02_A2_T8M                 192    2   2  25.0%      4     16    384  1.032e+07    1.149e+15 5.7654e-03
d192_G02_A3_T8M                 192    2   3  37.5%      6     16    384  1.475e+07    1.361e+15 5.6179e-03
d192_G02_A4_T8M                 192    2   4  50.0%      8     16    384  1.917e+07    1.574e+15 5.4948e-03
d192_G02_A8_T8M                 192    2   8 100.0%     16     16    384  3.686e+07    2.423e+15 5.1439e-03
d192_G04_A1_T8M                 192    4   1  12.5%      4     32    192  5.898e+06    9.382e+14 5.9470e-03
d192_G04_A2_T8M                 192    4   2  25.0%      8     32    192  1.032e+07    1.151e+15 5.7643e-03
d192_G04_A3_T8M                 192    4   3  37.5%     12     32    192  1.475e+07    1.363e+15 5.6170e-03
d192_G04_A4_T8M                 192    4   4  50.0%     16     32    192  1.917e+07    1.575e+15 5.4940e-03
d192_G04_A8_T8M                 192    4   8 100.0%     32     32    192  3.686e+07    2.425e+15 5.1434e-03
d192_G08_A1_T8M                 192    8   1  12.5%      8     64     96  5.898e+06    9.411e+14 5.9441e-03
d192_G08_A2_T8M                 192    8   2  25.0%     16     64     96  1.032e+07    1.153e+15 5.7621e-03
d192_G08_A3_T8M                 192    8   3  37.5%     24     64     96  1.475e+07    1.366e+15 5.6151e-03
d192_G08_A4_T8M                 192    8   4  50.0%     32     64     96  1.917e+07    1.578e+15 5.4924e-03
d192_G08_A8_T8M                 192    8   8 100.0%     64     64     96  3.686e+07    2.427e+15 5.1424e-03
d192_G16_A1_T8M                 192   16   1  12.5%     16    128     48  5.898e+06    9.470e+14 5.9384e-03
d192_G16_A2_T8M                 192   16   2  25.0%     32    128     48  1.032e+07    1.159e+15 5.7576e-03
d192_G16_A3_T8M                 192   16   3  37.5%     48    128     48  1.475e+07    1.372e+15 5.6114e-03
d192_G16_A4_T8M                 192   16   4  50.0%     64    128     48  1.917e+07    1.584e+15 5.4893e-03
d192_G16_A8_T8M                 192   16   8 100.0%    128    128     48  3.686e+07    2.433e+15 5.1405e-03
d192_G01_A1_T16M                192    1   1  12.5%      1      8    768  5.898e+06    1.872e+15 5.3509e-03
d192_G01_A2_T16M                192    1   2  25.0%      2      8    768  1.032e+07    2.297e+15 5.1862e-03
d192_G01_A3_T16M                192    1   3  37.5%      3      8    768  1.475e+07    2.721e+15 5.0534e-03
d192_G01_A4_T16M                192    1   4  50.0%      4      8    768  1.917e+07    3.146e+15 4.9426e-03
d192_G01_A8_T16M                192    1   8 100.0%      8      8    768  3.686e+07    4.845e+15 4.6268e-03
d192_G02_A1_T16M                192    2   1  12.5%      2     16    384  5.898e+06    1.873e+15 5.3502e-03
d192_G02_A2_T16M                192    2   2  25.0%      4     16    384  1.032e+07    2.298e+15 5.1857e-03
d192_G02_A3_T16M                192    2   3  37.5%      6     16    384  1.475e+07    2.723e+15 5.0530e-03
d192_G02_A4_T16M                192    2   4  50.0%      8     16    384  1.917e+07    3.147e+15 4.9422e-03
d192_G02_A8_T16M                192    2   8 100.0%     16     16    384  3.686e+07    4.846e+15 4.6266e-03
d192_G04_A1_T16M                192    4   1  12.5%      4     32    192  5.898e+06    1.876e+15 5.3489e-03
d192_G04_A2_T16M                192    4   2  25.0%      8     32    192  1.032e+07    2.301e+15 5.1847e-03
d192_G04_A3_T16M                192    4   3  37.5%     12     32    192  1.475e+07    2.726e+15 5.0521e-03
d192_G04_A4_T16M                192    4   4  50.0%     16     32    192  1.917e+07    3.150e+15 4.9415e-03
d192_G04_A8_T16M                192    4   8 100.0%     32     32    192  3.686e+07    4.849e+15 4.6262e-03
d192_G08_A1_T16M                192    8   1  12.5%      8     64     96  5.898e+06    1.882e+15 5.3464e-03
d192_G08_A2_T16M                192    8   2  25.0%     16     64     96  1.032e+07    2.307e+15 5.1826e-03
d192_G08_A3_T16M                192    8   3  37.5%     24     64     96  1.475e+07    2.732e+15 5.0504e-03
d192_G08_A4_T16M                192    8   4  50.0%     32     64     96  1.917e+07    3.156e+15 4.9401e-03
d192_G08_A8_T16M                192    8   8 100.0%     64     64     96  3.686e+07    4.855e+15 4.6253e-03
d192_G16_A1_T16M                192   16   1  12.5%     16    128     48  5.898e+06    1.894e+15 5.3413e-03
d192_G16_A2_T16M                192   16   2  25.0%     32    128     48  1.032e+07    2.319e+15 5.1786e-03
d192_G16_A3_T16M                192   16   3  37.5%     48    128     48  1.475e+07    2.743e+15 5.0471e-03
d192_G16_A4_T16M                192   16   4  50.0%     64    128     48  1.917e+07    3.168e+15 4.9373e-03
d192_G16_A8_T16M                192   16   8 100.0%    128    128     48  3.686e+07    4.867e+15 4.6236e-03
d192_G01_A1_T32M                192    1   1  12.5%      1      8    768  5.898e+06    3.744e+15 4.8128e-03
d192_G01_A2_T32M                192    1   2  25.0%      2      8    768  1.032e+07    4.593e+15 4.6647e-03
d192_G01_A3_T32M                192    1   3  37.5%      3      8    768  1.475e+07    5.443e+15 4.5452e-03
d192_G01_A4_T32M                192    1   4  50.0%      4      8    768  1.917e+07    6.292e+15 4.4455e-03
d192_G01_A8_T32M                192    1   8 100.0%      8      8    768  3.686e+07    9.689e+15 4.1615e-03
d192_G02_A1_T32M                192    2   1  12.5%      2     16    384  5.898e+06    3.747e+15 4.8122e-03
d192_G02_A2_T32M                192    2   2  25.0%      4     16    384  1.032e+07    4.596e+15 4.6642e-03
d192_G02_A3_T32M                192    2   3  37.5%      6     16    384  1.475e+07    5.446e+15 4.5448e-03
d192_G02_A4_T32M                192    2   4  50.0%      8     16    384  1.917e+07    6.295e+15 4.4452e-03
d192_G02_A8_T32M                192    2   8 100.0%     16     16    384  3.686e+07    9.692e+15 4.1613e-03
d192_G04_A1_T32M                192    4   1  12.5%      4     32    192  5.898e+06    3.753e+15 4.8111e-03
d192_G04_A2_T32M                192    4   2  25.0%      8     32    192  1.032e+07    4.602e+15 4.6633e-03
d192_G04_A3_T32M                192    4   3  37.5%     12     32    192  1.475e+07    5.451e+15 4.5441e-03
d192_G04_A4_T32M                192    4   4  50.0%     16     32    192  1.917e+07    6.301e+15 4.4446e-03
d192_G04_A8_T32M                192    4   8 100.0%     32     32    192  3.686e+07    9.698e+15 4.1610e-03
d192_G08_A1_T32M                192    8   1  12.5%      8     64     96  5.898e+06    3.765e+15 4.8087e-03
d192_G08_A2_T32M                192    8   2  25.0%     16     64     96  1.032e+07    4.614e+15 4.6615e-03
d192_G08_A3_T32M                192    8   3  37.5%     24     64     96  1.475e+07    5.463e+15 4.5426e-03
d192_G08_A4_T32M                192    8   4  50.0%     32     64     96  1.917e+07    6.313e+15 4.4433e-03
d192_G08_A8_T32M                192    8   8 100.0%     64     64     96  3.686e+07    9.710e+15 4.1602e-03
d192_G16_A1_T32M                192   16   1  12.5%     16    128     48  5.898e+06    3.788e+15 4.8042e-03
d192_G16_A2_T32M                192   16   2  25.0%     32    128     48  1.032e+07    4.637e+15 4.6578e-03
d192_G16_A3_T32M                192   16   3  37.5%     48    128     48  1.475e+07    5.487e+15 4.5396e-03
d192_G16_A4_T32M                192   16   4  50.0%     64    128     48  1.917e+07    6.336e+15 4.4408e-03
d192_G16_A8_T32M                192   16   8 100.0%    128    128     48  3.686e+07    9.734e+15 4.1586e-03
d256_G01_A1_T4M                 256    1   1  12.5%      1      8   1024  1.049e+07    6.869e+14 6.2373e-03
d256_G01_A2_T4M                 256    1   2  25.0%      2      8   1024  1.835e+07    8.756e+14 6.0100e-03
d256_G01_A3_T4M                 256    1   3  37.5%      3      8   1024  2.621e+07    1.064e+15 5.8333e-03
d256_G01_A4_T4M                 256    1   4  50.0%      4      8   1024  3.408e+07    1.253e+15 5.6895e-03
d256_G01_A8_T4M                 256    1   8 100.0%      8      8   1024  6.554e+07    2.008e+15 5.2937e-03
d256_G02_A1_T4M                 256    2   1  12.5%      2     16    512  1.049e+07    6.874e+14 6.2366e-03
d256_G02_A2_T4M                 256    2   2  25.0%      4     16    512  1.835e+07    8.761e+14 6.0095e-03
d256_G02_A3_T4M                 256    2   3  37.5%      6     16    512  2.621e+07    1.065e+15 5.8329e-03
d256_G02_A4_T4M                 256    2   4  50.0%      8     16    512  3.408e+07    1.254e+15 5.6892e-03
d256_G02_A8_T4M                 256    2   8 100.0%     16     16    512  6.554e+07    2.009e+15 5.2935e-03
d256_G04_A1_T4M                 256    4   1  12.5%      4     32    256  1.049e+07    6.884e+14 6.2353e-03
d256_G04_A2_T4M                 256    4   2  25.0%      8     32    256  1.835e+07    8.771e+14 6.0085e-03
d256_G04_A3_T4M                 256    4   3  37.5%     12     32    256  2.621e+07    1.066e+15 5.8321e-03
d256_G04_A4_T4M                 256    4   4  50.0%     16     32    256  3.408e+07    1.255e+15 5.6885e-03
d256_G04_A8_T4M                 256    4   8 100.0%     32     32    256  6.554e+07    2.010e+15 5.2931e-03
d256_G08_A1_T4M                 256    8   1  12.5%      8     64    128  1.049e+07    6.903e+14 6.2326e-03
d256_G08_A2_T4M                 256    8   2  25.0%     16     64    128  1.835e+07    8.791e+14 6.0064e-03
d256_G08_A3_T4M                 256    8   3  37.5%     24     64    128  2.621e+07    1.068e+15 5.8304e-03
d256_G08_A4_T4M                 256    8   4  50.0%     32     64    128  3.408e+07    1.257e+15 5.6871e-03
d256_G08_A8_T4M                 256    8   8 100.0%     64     64    128  6.554e+07    2.012e+15 5.2924e-03
d256_G16_A1_T4M                 256   16   1  12.5%     16    128     64  1.049e+07    6.943e+14 6.2271e-03
d256_G16_A2_T4M                 256   16   2  25.0%     32    128     64  1.835e+07    8.830e+14 6.0023e-03
d256_G16_A3_T4M                 256   16   3  37.5%     48    128     64  2.621e+07    1.072e+15 5.8272e-03
d256_G16_A4_T4M                 256   16   4  50.0%     64    128     64  3.408e+07    1.261e+15 5.6844e-03
d256_G16_A8_T4M                 256   16   8 100.0%    128    128     64  6.554e+07    2.015e+15 5.2908e-03
d256_G01_A1_T8M                 256    1   1  12.5%      1      8   1024  1.049e+07    1.374e+15 5.6101e-03
d256_G01_A2_T8M                 256    1   2  25.0%      2      8   1024  1.835e+07    1.751e+15 5.4057e-03
d256_G01_A3_T8M                 256    1   3  37.5%      3      8   1024  2.621e+07    2.129e+15 5.2467e-03
d256_G01_A4_T8M                 256    1   4  50.0%      4      8   1024  3.408e+07    2.506e+15 5.1174e-03
d256_G01_A8_T8M                 256    1   8 100.0%      8      8   1024  6.554e+07    4.016e+15 4.7614e-03
d256_G02_A1_T8M                 256    2   1  12.5%      2     16    512  1.049e+07    1.375e+15 5.6095e-03
d256_G02_A2_T8M                 256    2   2  25.0%      4     16    512  1.835e+07    1.752e+15 5.4052e-03
d256_G02_A3_T8M                 256    2   3  37.5%      6     16    512  2.621e+07    2.130e+15 5.2463e-03
d256_G02_A4_T8M                 256    2   4  50.0%      8     16    512  3.408e+07    2.507e+15 5.1171e-03
d256_G02_A8_T8M                 256    2   8 100.0%     16     16    512  6.554e+07    4.017e+15 4.7612e-03
d256_G04_A1_T8M                 256    4   1  12.5%      4     32    256  1.049e+07    1.377e+15 5.6083e-03
d256_G04_A2_T8M                 256    4   2  25.0%      8     32    256  1.835e+07    1.754e+15 5.4043e-03
d256_G04_A3_T8M                 256    4   3  37.5%     12     32    256  2.621e+07    2.132e+15 5.2456e-03
d256_G04_A4_T8M                 256    4   4  50.0%     16     32    256  3.408e+07    2.509e+15 5.1165e-03
d256_G04_A8_T8M                 256    4   8 100.0%     32     32    256  6.554e+07    4.019e+15 4.7609e-03
d256_G08_A1_T8M                 256    8   1  12.5%      8     64    128  1.049e+07    1.381e+15 5.6058e-03
d256_G08_A2_T8M                 256    8   2  25.0%     16     64    128  1.835e+07    1.758e+15 5.4024e-03
d256_G08_A3_T8M                 256    8   3  37.5%     24     64    128  2.621e+07    2.136e+15 5.2441e-03
d256_G08_A4_T8M                 256    8   4  50.0%     32     64    128  3.408e+07    2.513e+15 5.1152e-03
d256_G08_A8_T8M                 256    8   8 100.0%     64     64    128  6.554e+07    4.023e+15 4.7602e-03
d256_G16_A1_T8M                 256   16   1  12.5%     16    128     64  1.049e+07    1.389e+15 5.6009e-03
d256_G16_A2_T8M                 256   16   2  25.0%     32    128     64  1.835e+07    1.766e+15 5.3987e-03
d256_G16_A3_T8M                 256   16   3  37.5%     48    128     64  2.621e+07    2.144e+15 5.2412e-03
d256_G16_A4_T8M                 256   16   4  50.0%     64    128     64  3.408e+07    2.521e+15 5.1128e-03
d256_G16_A8_T8M                 256   16   8 100.0%    128    128     64  6.554e+07    4.031e+15 4.7587e-03
d256_G01_A1_T16M                256    1   1  12.5%      1      8   1024  1.049e+07    2.748e+15 5.0459e-03
d256_G01_A2_T16M                256    1   2  25.0%      2      8   1024  1.835e+07    3.503e+15 4.8621e-03
d256_G01_A3_T16M                256    1   3  37.5%      3      8   1024  2.621e+07    4.258e+15 4.7191e-03
d256_G01_A4_T16M                256    1   4  50.0%      4      8   1024  3.408e+07    5.013e+15 4.6028e-03
d256_G01_A8_T16M                256    1   8 100.0%      8      8   1024  6.554e+07    8.032e+15 4.2826e-03
d256_G02_A1_T16M                256    2   1  12.5%      2     16    512  1.049e+07    2.750e+15 5.0454e-03
d256_G02_A2_T16M                256    2   2  25.0%      4     16    512  1.835e+07    3.505e+15 4.8617e-03
d256_G02_A3_T16M                256    2   3  37.5%      6     16    512  2.621e+07    4.260e+15 4.7188e-03
d256_G02_A4_T16M                256    2   4  50.0%      8     16    512  3.408e+07    5.014e+15 4.6025e-03
d256_G02_A8_T16M                256    2   8 100.0%     16     16    512  6.554e+07    8.034e+15 4.2824e-03
d256_G04_A1_T16M                256    4   1  12.5%      4     32    256  1.049e+07    2.753e+15 5.0443e-03
d256_G04_A2_T16M                256    4   2  25.0%      8     32    256  1.835e+07    3.508e+15 4.8608e-03
d256_G04_A3_T16M                256    4   3  37.5%     12     32    256  2.621e+07    4.263e+15 4.7181e-03
d256_G04_A4_T16M                256    4   4  50.0%     16     32    256  3.408e+07    5.018e+15 4.6019e-03
d256_G04_A8_T16M                256    4   8 100.0%     32     32    256  6.554e+07    8.038e+15 4.2821e-03
d256_G08_A1_T16M                256    8   1  12.5%      8     64    128  1.049e+07    2.761e+15 5.0421e-03
d256_G08_A2_T16M                256    8   2  25.0%     16     64    128  1.835e+07    3.516e+15 4.8592e-03
d256_G08_A3_T16M                256    8   3  37.5%     24     64    128  2.621e+07    4.271e+15 4.7168e-03
d256_G08_A4_T16M                256    8   4  50.0%     32     64    128  3.408e+07    5.026e+15 4.6008e-03
d256_G08_A8_T16M                256    8   8 100.0%     64     64    128  6.554e+07    8.046e+15 4.2815e-03
d256_G16_A1_T16M                256   16   1  12.5%     16    128     64  1.049e+07    2.777e+15 5.0377e-03
d256_G16_A2_T16M                256   16   2  25.0%     32    128     64  1.835e+07    3.532e+15 4.8558e-03
d256_G16_A3_T16M                256   16   3  37.5%     48    128     64  2.621e+07    4.287e+15 4.7141e-03
d256_G16_A4_T16M                256   16   4  50.0%     64    128     64  3.408e+07    5.042e+15 4.5987e-03
d256_G16_A8_T16M                256   16   8 100.0%    128    128     64  6.554e+07    8.062e+15 4.2802e-03
d256_G01_A1_T32M                256    1   1  12.5%      1      8   1024  1.049e+07    5.495e+15 4.5385e-03
d256_G01_A2_T32M                256    1   2  25.0%      2      8   1024  1.835e+07    7.005e+15 4.3731e-03
d256_G01_A3_T32M                256    1   3  37.5%      3      8   1024  2.621e+07    8.515e+15 4.2446e-03
d256_G01_A4_T32M                256    1   4  50.0%      4      8   1024  3.408e+07    1.003e+16 4.1399e-03
d256_G01_A8_T32M                256    1   8 100.0%      8      8   1024  6.554e+07    1.606e+16 3.8519e-03
d256_G02_A1_T32M                256    2   1  12.5%      2     16    512  1.049e+07    5.499e+15 4.5380e-03
d256_G02_A2_T32M                256    2   2  25.0%      4     16    512  1.835e+07    7.009e+15 4.3728e-03
d256_G02_A3_T32M                256    2   3  37.5%      6     16    512  2.621e+07    8.519e+15 4.2443e-03
d256_G02_A4_T32M                256    2   4  50.0%      8     16    512  3.408e+07    1.003e+16 4.1397e-03
d256_G02_A8_T32M                256    2   8 100.0%     16     16    512  6.554e+07    1.607e+16 3.8518e-03
d256_G04_A1_T32M                256    4   1  12.5%      4     32    256  1.049e+07    5.507e+15 4.5370e-03
d256_G04_A2_T32M                256    4   2  25.0%      8     32    256  1.835e+07    7.017e+15 4.3720e-03
d256_G04_A3_T32M                256    4   3  37.5%     12     32    256  2.621e+07    8.527e+15 4.2437e-03
d256_G04_A4_T32M                256    4   4  50.0%     16     32    256  3.408e+07    1.004e+16 4.1392e-03
d256_G04_A8_T32M                256    4   8 100.0%     32     32    256  6.554e+07    1.608e+16 3.8515e-03
d256_G08_A1_T32M                256    8   1  12.5%      8     64    128  1.049e+07    5.523e+15 4.5351e-03
d256_G08_A2_T32M                256    8   2  25.0%     16     64    128  1.835e+07    7.033e+15 4.3705e-03
d256_G08_A3_T32M                256    8   3  37.5%     24     64    128  2.621e+07    8.543e+15 4.2425e-03
d256_G08_A4_T32M                256    8   4  50.0%     32     64    128  3.408e+07    1.005e+16 4.1382e-03
d256_G08_A8_T32M                256    8   8 100.0%     64     64    128  6.554e+07    1.609e+16 3.8509e-03
d256_G16_A1_T32M                256   16   1  12.5%     16    128     64  1.049e+07    5.554e+15 4.5311e-03
d256_G16_A2_T32M                256   16   2  25.0%     32    128     64  1.835e+07    7.064e+15 4.3675e-03
d256_G16_A3_T32M                256   16   3  37.5%     48    128     64  2.621e+07    8.574e+15 4.2401e-03
d256_G16_A4_T32M                256   16   4  50.0%     64    128     64  3.408e+07    1.008e+16 4.1362e-03
d256_G16_A8_T32M                256   16   8 100.0%    128    128     64  6.554e+07    1.612e+16 3.8498e-03

Total configs: 400
Total estimated GPU-hours (P100 fp32 @10 TFLOP/s peak): 25.9 h
  NOTE: actual throughput at bs=2 is ~10x below peak (memory-bandwidth bound)
  Realistic estimate: ~259 GPU-hours, ~86 h wall-clock on 3 GPUs
